// Jest Snapshot v1, https://goo.gl/fbAQLP

exports[`handleOptions 1`] = `
{
  "--": [],
  "_": [],
  "cwd": "__dirname",
  "ignoreExisting": false,
  "noInstall": false,
  "package": [],
  "preferOffline": false,
  "quiet": false,
}
`;
